🔍 数据一致性检查...
  ✅ 数据一致

📊 更新净值 (2026-05-04，盘中)
  总持仓代码: 18 只
  获取到 17 个价格
  沪深300: 4807.31, 基准NAV: 1.021194

🔍 最终一致性检查...
  ✅ 全部一致
[OK] 数据已保存: /home/sunrui/.openclaw/workspace-buffett/alpha-factor-lab/paper-trading-data.json

💾 数据已保存到 /home/sunrui/.openclaw/workspace-buffett/alpha-factor-lab/paper-trading-data.json

============================================================
🏆 排行榜
============================================================
  #1 🔢 因子猎人: NAV=1.0592 (+5.92%)
  #2 🏛️ 巴菲特门徒: NAV=0.9947 (-0.53%)
  #3 🏄 趋势游侠: NAV=0.9891 (-1.09%)
  #4 📊 技术猎手: NAV=0.9610 (-3.90%)
  #5 ⚡ 情绪战神: NAV=0.9300 (-7.00%)
  #6 📰 热点猎手: NAV=0.8995 (-10.05%)
2026-05-21 11:30:19 盘中净值刷新完成（05-21 11:30）。排行榜:

情绪战神  NAV=1.1051 (+10.51%)
因子猎人  NAV=1.0282 (+2.82%)
趋势游侠  NAV=1.0164 (+1.64%)
技术猎手  NAV=0.9844 (-1.56%)
巴菲特门徒 NAV=0.9411 (-5.89%)
热点猎手  NAV=0.8835 (-11.65%)

⚠️ 5个NAV一致性问题未完全修复（因子猎人|技术猎手|巴菲特门徒|情绪战神|热点猎手），stored与expected仍有偏差。
2026-06-03 11:00 盘中净值刷新完成（06-03 11:00）。
⚠️ 有5个NAV一致性问题（因子猎人/技术猎手/巴菲特门徒/趋势游侠/热点猎手），stored与expected仍有偏差，第一次修复后未完全消除，第二次修复后仍有。建议收盘后手动重跑一次刷新，或用修复脚本强制同步。
排行榜:
情绪战神  NAV=0.9995 (-0.05%)
趋势游侠  NAV=0.9823 (-1.77%)
巴菲特门徒 NAV=0.9483 (-5.17%)
技术猎手  NAV=0.9343 (-6.57%)
因子猎人  NAV=0.9215 (-7.85%)
热点猎手  NAV=0.8933 (-10.67%)

